###############################################################################
#
# IAR ELF Linker V8.30.1.114/W32 for ARM                  24/Oct/2019  18:43:25
# Copyright 2007-2018 IAR Systems AB.
#
#    Output file  =  
#        C:\Users\DAELN\Downloads\lidar_depois\Projects\Lab2\Debug\Exe\Lab2.out
#    Map file     =  
#        C:\Users\DAELN\Downloads\lidar_depois\Projects\Lab2\Debug\List\Lab2.map
#    Command line =  
#        -f C:\Users\DAELN\AppData\Local\Temp\EW9C58.tmp
#        (C:\Users\DAELN\Downloads\lidar_depois\TivaWare_C_Series-2.1.4.178\driverlib\ewarm\Exe\driverlib.a
#        C:\Users\DAELN\Downloads\lidar_depois\Projects\Lab2\Debug\Obj\Lab2.o
#        C:\Users\DAELN\Downloads\lidar_depois\Projects\Lab2\Debug\Obj\startup_TM4C1294.o
#        C:\Users\DAELN\Downloads\lidar_depois\Projects\Lab2\Debug\Obj\system_TM4C1294_TW.o
#        C:\Users\DAELN\Downloads\lidar_depois\Projects\Lab2\Debug\Obj\uartstdio.o
#        --no_out_extension -o
#        C:\Users\DAELN\Downloads\lidar_depois\Projects\Lab2\Debug\Exe\Lab2.out
#        --map
#        C:\Users\DAELN\Downloads\lidar_depois\Projects\Lab2\Debug\List\Lab2.map
#        --config "C:\Program Files (x86)\IAR Systems\Embedded Workbench
#        8.1\arm\config\linker\TexasInstruments\TM4C1294NC.icf" --semihosting
#        --entry __iar_program_start --vfe --text_out locale)
#
###############################################################################

*******************************************************************************
*** RUNTIME MODEL ATTRIBUTES
***

CppFlavor       = *
__SystemLibrary = DLib
__dlib_version  = 6


*******************************************************************************
*** HEAP SELECTION
***

The basic heap was selected because some modules are built with
size limitations (and not runtime checking), and --advanced_heap
was not specified.


*******************************************************************************
*** PLACEMENT SUMMARY
***

"A0":  place at 0x0 { ro section .intvec };
"P1":  place in [from 0x0 to 0xf'ffff] { ro };
define block CSTACK with size = 32K, alignment = 8 { };
define block HEAP with size = 64K, alignment = 8 { };
"P2":  place in [from 0x2000'0000 to 0x2003'ffff] {
          rw, block CSTACK, block HEAP };
initialize by copy { rw };

  Section            Kind         Address    Size  Object
  -------            ----         -------    ----  ------
"A0":                                       0x3c0
  .intvec            ro code          0x0   0x3c0  startup_TM4C1294.o [1]
                                  - 0x3c0   0x3c0

"P1":                                      0x14fc
  .text              ro code        0x3c0   0x518  uartstdio.o [1]
  .text              ro code        0x8d8   0x11c  interrupt.o [3]
  .text              ro code        0x9f4   0x114  uart.o [3]
  .text              ro code        0xb08   0x4f8  sysctl.o [3]
  .text              ro code       0x1000    0x10  cpu.o [3]
  .text              ro code       0x1010   0x2b0  Lab2.o [1]
  .text              ro code       0x12c0   0x234  gpio.o [3]
  .text              ro code       0x14f4   0x1d0  timer.o [3]
  .text              ro code       0x16c4    0x3a  zero_init3.o [4]
  .text              ro code       0x16fe     0x2  startup_TM4C1294.o [1]
  .text              ro code       0x1700    0x2c  system_TM4C1294_TW.o [1]
  .text              ro code       0x172c    0x2c  copy_init3.o [4]
  .text              ro code       0x1758    0x28  data_init.o [4]
  .iar.init_table    const         0x1780    0x24  - Linker created -
  .text              ro code       0x17a4    0x1e  cmain.o [4]
  .text              ro code       0x17c2     0x4  low_level_init.o [2]
  .text              ro code       0x17c6     0x4  exit.o [2]
  .text              ro code       0x17cc     0xa  cexit.o [4]
  .text              ro code       0x17d8    0x14  exit.o [5]
  .rodata            const         0x17ec    0x1c  Lab2.o [1]
  .rodata            const         0x1808    0x14  uartstdio.o [1]
  .text              ro code       0x181c    0x14  startup_TM4C1294.o [1]
  .rodata            const         0x1830    0x10  Lab2.o [1]
  .rodata            const         0x1840    0x10  Lab2.o [1]
  .rodata            const         0x1850    0x10  Lab2.o [1]
  .rodata            const         0x1860     0xc  Lab2.o [1]
  .rodata            const         0x186c     0xc  Lab2.o [1]
  .rodata            const         0x1878     0xc  uartstdio.o [1]
  .rodata            const         0x1884     0xc  uartstdio.o [1]
  .rodata            const         0x1890     0xc  uartstdio.o [1]
  .text              ro code       0x189c     0xc  cstartup_M.o [4]
  .rodata            const         0x18a8     0x8  uartstdio.o [1]
  Initializer bytes  const         0x18b0     0x8  <for P2-1>
  .rodata            const         0x18b8     0x4  uartstdio.o [1]
  .rodata            const         0x18bc     0x0  zero_init3.o [4]
  .rodata            const         0x18bc     0x0  copy_init3.o [4]
                                 - 0x18bc  0x14fc

"P2", part 1 of 3:                            0x8
  P2-1                        0x2000'0000     0x8  <Init block>
    .data            inited   0x2000'0000     0x4  Lab2.o [1]
    .data            inited   0x2000'0004     0x4  Lab2.o [1]
                            - 0x2000'0008     0x8

"P2", part 2 of 3:                          0x4b0
  .bss               zero     0x2000'0008   0x400  uartstdio.o [1]
  .bss               zero     0x2000'0408    0x80  uartstdio.o [1]
  .bss               zero     0x2000'0488     0xc  Lab2.o [1]
  .bss               zero     0x2000'0494     0x4  Lab2.o [1]
  .bss               zero     0x2000'0498     0x4  Lab2.o [1]
  .bss               zero     0x2000'049c     0x4  uartstdio.o [1]
  .bss               zero     0x2000'04a0     0x4  uartstdio.o [1]
  .bss               zero     0x2000'04a4     0x4  uartstdio.o [1]
  .bss               zero     0x2000'04a8     0x4  uartstdio.o [1]
  .bss               zero     0x2000'04ac     0x4  uartstdio.o [1]
  .bss               zero     0x2000'04b0     0x4  uartstdio.o [1]
  .bss               zero     0x2000'04b4     0x1  uartstdio.o [1]
  .bss               zero     0x2000'04b5     0x1  uartstdio.o [1]
                            - 0x2000'04b6   0x4ae

"P2", part 3 of 3:                         0x8270
  VTABLE             uninit   0x2000'0800   0x26c  interrupt.o [3]
  .noinit            uninit   0x2000'0a6c     0x4  system_TM4C1294_TW.o [1]
  CSTACK                      0x2000'0a70  0x8000  <Block>
    CSTACK           uninit   0x2000'0a70  0x8000  <Block tail>
                            - 0x2000'8a70  0x8270

Unused ranges:

         From           To      Size
         ----           --      ----
       0x18bc     0xf'ffff  0xf'e744
  0x2000'04b8  0x2000'07ff     0x348
  0x2000'8a70  0x2003'ffff  0x3'7590


*******************************************************************************
*** INIT TABLE
***

          Address      Size
          -------      ----
Zero (__iar_zero_init3)
    1 destination range, total size 0x4ae:
          0x2000'0008  0x4ae

Copy (__iar_copy_init3)
    1 source range, total size 0x8:
               0x18b0    0x8
    1 destination range, total size 0x8:
          0x2000'0000    0x8



*******************************************************************************
*** MODULE SUMMARY
***

    Module                ro code  ro data  rw data
    ------                -------  -------  -------
command line/config:
    -----------------------------------------------
    Total:

C:\Users\DAELN\Downloads\lidar_depois\Projects\Lab2\Debug\Obj: [1]
    Lab2.o                    688      108       28
    startup_TM4C1294.o        982
    system_TM4C1294_TW.o       44                 4
    uartstdio.o             1 304       68    1 178
    -----------------------------------------------
    Total:                  3 018      176    1 210

dl7M_tln.a: [2]
    exit.o                      4
    low_level_init.o            4
    -----------------------------------------------
    Total:                      8

driverlib.a: [3]
    cpu.o                      16
    gpio.o                    564
    interrupt.o               284               620
    sysctl.o                1 272
    timer.o                   464
    uart.o                    276
    -----------------------------------------------
    Total:                  2 876               620

rt7M_tl.a: [4]
    cexit.o                    10
    cmain.o                    30
    copy_init3.o               44
    cstartup_M.o               12
    data_init.o                40
    zero_init3.o               58
    -----------------------------------------------
    Total:                    194

shb_l.a: [5]
    exit.o                     20
    -----------------------------------------------
    Total:                     20

    Gaps                        4
    Linker created                      36   32 768
---------------------------------------------------
    Grand Total:            6 120      212   34 598


*******************************************************************************
*** ENTRY LIST
***

Entry                       Address   Size  Type      Object
-----                       -------   ----  ----      ------
.iar.init_table$$Base        0x1780          --   Gb  - Linker created -
.iar.init_table$$Limit       0x17a4          --   Gb  - Linker created -
?main                        0x17a5         Code  Gb  cmain.o [4]
CPUcpsid                     0x1001    0x8  Code  Gb  cpu.o [3]
CPUcpsie                     0x1009    0x8  Code  Gb  cpu.o [3]
CSTACK$$Base            0x2000'0a70          --   Gb  - Linker created -
CSTACK$$Limit           0x2000'8a70          --   Gb  - Linker created -
GPIODirModeSet               0x12c1   0x28  Code  Gb  gpio.o [3]
GPIOPadConfigSet             0x12e9  0x102  Code  Gb  gpio.o [3]
GPIOPinConfigure             0x1429   0x36  Code  Gb  gpio.o [3]
GPIOPinRead                  0x13eb    0x8  Code  Gb  gpio.o [3]
GPIOPinTypeTimer             0x13ff   0x14  Code  Gb  gpio.o [3]
GPIOPinTypeUART              0x1413   0x14  Code  Gb  gpio.o [3]
IntDisable                    0x961   0x46  Code  Gb  interrupt.o [3]
IntEnable                     0x919   0x46  Code  Gb  interrupt.o [3]
IntMasterDisable              0x8e1    0x6  Code  Gb  interrupt.o [3]
IntMasterEnable               0x8d9    0x8  Code  Gb  interrupt.o [3]
IntRegister                   0x8ef   0x28  Code  Gb  interrupt.o [3]
IsBufferEmpty                 0x3dd   0x12  Code  Lc  uartstdio.o [1]
IsBufferFull                  0x3c1   0x1c  Code  Lc  uartstdio.o [1]
Region$$Table$$Base          0x1780          --   Gb  - Linker created -
Region$$Table$$Limit         0x17a4          --   Gb  - Linker created -
SysCtlClockFreqSet            0xb73  0x20a  Code  Gb  sysctl.o [3]
SysCtlPeripheralEnable        0xb55    0x8  Code  Gb  sysctl.o [3]
SysCtlPeripheralPresent
                              0xb29    0xa  Code  Gb  sysctl.o [3]
SysCtlPeripheralReady         0xb33    0x8  Code  Gb  sysctl.o [3]
SystemCoreClock         0x2000'0a6c    0x4  Data  Gb  system_TM4C1294_TW.o [1]
SystemInit                   0x1701   0x1a  Code  Gb  system_TM4C1294_TW.o [1]
TIMER2A_Handler              0x1067   0x54  Code  Gb  Lab2.o [1]
TimerClockSourceSet          0x15c3    0x8  Code  Gb  timer.o [3]
TimerConfigure               0x1547   0x54  Code  Gb  timer.o [3]
TimerControlEvent            0x15ad   0x16  Code  Gb  timer.o [3]
TimerEnable                  0x1537   0x10  Code  Gb  timer.o [3]
TimerIntClear                0x161f    0x6  Code  Gb  timer.o [3]
TimerIntDisable              0x1613    0xc  Code  Gb  timer.o [3]
TimerIntEnable               0x1609    0xa  Code  Gb  timer.o [3]
TimerIntRegister             0x15ef   0x1a  Code  Gb  timer.o [3]
TimerLoadSet                 0x15cb   0x18  Code  Gb  timer.o [3]
TimerValueGet                0x15e3    0xc  Code  Gb  timer.o [3]
UART0_Handler                0x105f    0x8  Code  Gb  Lab2.o [1]
UARTCharGetNonBlocking        0xabb   0x14  Code  Gb  uart.o [3]
UARTCharPutNonBlocking        0xacf   0x16  Code  Gb  uart.o [3]
UARTCharsAvail                0xaa3    0x8  Code  Gb  uart.o [3]
UARTConfigSetExpClk           0x9fd   0x5c  Code  Gb  uart.o [3]
UARTDisable                   0xa73   0x22  Code  Gb  uart.o [3]
UARTEnable                    0xa59   0x1a  Code  Gb  uart.o [3]
UARTFIFOLevelSet              0x9f5    0x8  Code  Gb  uart.o [3]
UARTFlushRx                   0x72d   0x1c  Code  Gb  uartstdio.o [1]
UARTFlushTx                   0x749   0x30  Code  Gb  uartstdio.o [1]
UARTInit                     0x1011   0x4e  Code  Gb  Lab2.o [1]
UARTIntClear                  0xb03    0x6  Code  Gb  uart.o [3]
UARTIntDisable                0xaeb    0x4  Code  Gb  uart.o [3]
UARTIntEnable                 0xae5    0x6  Code  Gb  uart.o [3]
UARTIntStatus                 0xaf7    0xc  Code  Gb  uart.o [3]
UARTPrimeTransmit             0x3ef   0x6a  Code  Lc  uartstdio.o [1]
UARTSpaceAvail                0xaab    0x6  Code  Gb  uart.o [3]
UARTStdioConfig               0x459   0x7e  Code  Gb  uartstdio.o [1]
UARTStdioIntHandler           0x77d  0x116  Code  Gb  uartstdio.o [1]
UARTStdioIntHandler::bLastWasCR
                        0x2000'04b5    0x1  Data  Lc  uartstdio.o [1]
UARTprintf                    0x71f    0xe  Code  Gb  uartstdio.o [1]
UARTvprintf                   0x569  0x1b6  Code  Gb  uartstdio.o [1]
UARTwrite                     0x4d7   0x92  Code  Gb  uartstdio.o [1]
_SysCtlMemTimingGet           0xb09   0x20  Code  Lc  sysctl.o [3]
_TimerIntNumberGet           0x14f5   0x42  Code  Lc  timer.o [3]
__Vectors                       0x0          --   Gb  startup_TM4C1294.o [1]
__Vectors_End                 0x3c0         Data  Gb  startup_TM4C1294.o [1]
__Vectors_Size {Abs}          0x3c0          --   Gb  startup_TM4C1294.o [1]
__cmain                      0x17a5         Code  Gb  cmain.o [4]
__exit                       0x17d9   0x14  Code  Gb  exit.o [5]
__iar_copy_init3             0x172d   0x2c  Code  Gb  copy_init3.o [4]
__iar_data_init3             0x1759   0x28  Code  Gb  data_init.o [4]
__iar_init_vfp               0x1825         Code  Wk  startup_TM4C1294.o [1]
__iar_program_start          0x189d         Code  Gb  cstartup_M.o [4]
__iar_zero_init3             0x16c5   0x3a  Code  Gb  zero_init3.o [4]
__low_level_init             0x17c3    0x4  Code  Gb  low_level_init.o [2]
__vector_table                  0x0         Data  Gb  startup_TM4C1294.o [1]
__vector_table_0x1c            0x1c         Data  Gb  startup_TM4C1294.o [1]
_call_main                   0x17b1         Code  Gb  cmain.o [4]
_exit                        0x17cd         Code  Gb  cexit.o [4]
_main                        0x17bf         Code  Gb  cmain.o [4]
a                       0x2000'0000    0x4  Data  Gb  Lab2.o [1]
exit                         0x17c7    0x4  Code  Gb  exit.o [2]
freq_system             0x2000'0004    0x4  Data  Gb  Lab2.o [1]
g_bDisableEcho          0x2000'04b4    0x1  Data  Lc  uartstdio.o [1]
g_pcHex                      0x18b8    0x4  Data  Lc  uartstdio.o [1]
g_pcUARTRxBuffer        0x2000'0408   0x80  Data  Lc  uartstdio.o [1]
g_pcUARTTxBuffer        0x2000'0008  0x400  Data  Lc  uartstdio.o [1]
g_pfnRAMVectors         0x2000'0800  0x26c  Data  Lc  interrupt.o [3]
g_pppui32XTALtoVCO            0xe18  0x1b0  Data  Lc  sysctl.o [3]
g_ppui32TimerIntMap          0x1624   0x60  Data  Lc  timer.o [3]
g_ppui32TimerIntMapSnowflake
                             0x1684   0x40  Data  Lc  timer.o [3]
g_pui32Dii16Regs              0x9e0   0x14  Data  Lc  interrupt.o [3]
g_pui32EnRegs                 0x9cc   0x14  Data  Lc  interrupt.o [3]
g_pui32GPIOBaseAddrs         0x1464   0x90  Data  Lc  gpio.o [3]
g_pui32VCOFrequencies         0xff8    0x8  Data  Lc  sysctl.o [3]
g_pui32Xtals                  0xdac   0x6c  Data  Lc  sysctl.o [3]
g_sXTALtoMEMTIM               0xfc8   0x30  Data  Lc  sysctl.o [3]
g_ui32Base              0x2000'04ac    0x4  Data  Lc  uartstdio.o [1]
g_ui32PortNum           0x2000'04b0    0x4  Data  Lc  uartstdio.o [1]
g_ui32UARTBase               0x1878    0xc  Data  Lc  uartstdio.o [1]
g_ui32UARTInt                0x1884    0xc  Data  Lc  uartstdio.o [1]
g_ui32UARTPeriph             0x1890    0xc  Data  Lc  uartstdio.o [1]
g_ui32UARTRxReadIndex   0x2000'04a8    0x4  Data  Lc  uartstdio.o [1]
g_ui32UARTRxWriteIndex  0x2000'04a4    0x4  Data  Lc  uartstdio.o [1]
g_ui32UARTTxReadIndex   0x2000'04a0    0x4  Data  Lc  uartstdio.o [1]
g_ui32UARTTxWriteIndex  0x2000'049c    0x4  Data  Lc  uartstdio.o [1]
main                         0x10bd  0x1ae  Code  Gb  Lab2.o [1]
sinal                   0x2000'0498    0x4  Data  Gb  Lab2.o [1]
start                   0x2000'0494    0x4  Data  Gb  Lab2.o [1]
tempo                   0x2000'0488    0xc  Data  Gb  Lab2.o [1]


[1] = C:\Users\DAELN\Downloads\lidar_depois\Projects\Lab2\Debug\Obj
[2] = dl7M_tln.a
[3] = driverlib.a
[4] = rt7M_tl.a
[5] = shb_l.a

   6 120 bytes of readonly  code memory
     212 bytes of readonly  data memory
  34 598 bytes of readwrite data memory

Errors: none
Warnings: none
