###############################################################################
#
# IAR ELF Linker V8.30.1.114/W32 for ARM                  05/Dec/2019  20:16:39
# Copyright 2007-2018 IAR Systems AB.
#
#    Output file  =  
#        C:\Users\DAELN\Downloads\elevador_v2\elevador\elevator\EK-TM4C1294_SCHED_IAR8\Projects\lab3\Debug\Exe\lab3.out
#    Map file     =  
#        C:\Users\DAELN\Downloads\elevador_v2\elevador\elevator\EK-TM4C1294_SCHED_IAR8\Projects\lab3\Debug\List\lab3.map
#    Command line =  
#        -f C:\Users\DAELN\AppData\Local\Temp\EWFDF8.tmp
#        (C:\Users\DAELN\Downloads\elevador_v2\elevador\elevator\EK-TM4C1294_SCHED_IAR8\TivaWare_C_Series-2.1.4.178\driverlib\ewarm\Exe\driverlib.a
#        C:\Users\DAELN\Downloads\elevador_v2\elevador\elevator\EK-TM4C1294_SCHED_IAR8\Projects\lab3\Debug\Obj\lab3.o
#        C:\Users\DAELN\Downloads\elevador_v2\elevador\elevator\EK-TM4C1294_SCHED_IAR8\CMSIS-5.6.0\CMSIS\RTOS2\RTX\Library\IAR\IDE\CM4F\Exe\RTX_CM.a
#        C:\Users\DAELN\Downloads\elevador_v2\elevador\elevator\EK-TM4C1294_SCHED_IAR8\Projects\lab3\Debug\Obj\RTX_Config.o
#        C:\Users\DAELN\Downloads\elevador_v2\elevador\elevator\EK-TM4C1294_SCHED_IAR8\Projects\lab3\Debug\Obj\rtx_lib.o
#        C:\Users\DAELN\Downloads\elevador_v2\elevador\elevator\EK-TM4C1294_SCHED_IAR8\Projects\lab3\Debug\Obj\startup_TM4C1294.o
#        C:\Users\DAELN\Downloads\elevador_v2\elevador\elevator\EK-TM4C1294_SCHED_IAR8\Projects\lab3\Debug\Obj\system_TM4C1294_TW.o
#        C:\Users\DAELN\Downloads\elevador_v2\elevador\elevator\EK-TM4C1294_SCHED_IAR8\Projects\lab3\Debug\Obj\uartstdio.o
#        --no_out_extension -o
#        C:\Users\DAELN\Downloads\elevador_v2\elevador\elevator\EK-TM4C1294_SCHED_IAR8\Projects\lab3\Debug\Exe\lab3.out
#        --map
#        C:\Users\DAELN\Downloads\elevador_v2\elevador\elevator\EK-TM4C1294_SCHED_IAR8\Projects\lab3\Debug\List\lab3.map
#        --config "C:\Program Files (x86)\IAR Systems\Embedded Workbench
#        8.1\arm\config\linker\TexasInstruments\TM4C1294NC.icf" --semihosting
#        --entry __iar_program_start --vfe --text_out locale)
#
###############################################################################

*******************************************************************************
*** RUNTIME MODEL ATTRIBUTES
***

CppFlavor       = *
__SystemLibrary = DLib
__dlib_version  = 6


*******************************************************************************
*** HEAP SELECTION
***

The basic heap was selected because some modules are built with
size limitations (and not runtime checking), and --advanced_heap
was not specified.


*******************************************************************************
*** PLACEMENT SUMMARY
***

"A0":  place at 0x0 { ro section .intvec };
"P1":  place in [from 0x0 to 0xf'ffff] { ro };
define block CSTACK with size = 32K, alignment = 8 { };
define block HEAP with size = 64K, alignment = 8 { };
"P2":  place in [from 0x2000'0000 to 0x2003'ffff] {
          rw, block CSTACK, block HEAP };
initialize by copy { rw };

  Section               Kind         Address    Size  Object
  -------               ----         -------    ----  ------
"A0":                                          0x3c0
  .intvec               ro code          0x0   0x3c0  startup_TM4C1294.o [1]
                                     - 0x3c0   0x3c0

"P1":                                         0x31fd
  .text                 ro code        0x3c0   0x7e8  rtx_thread.o [2]
  .text                 ro code        0xba8     0x2  rtx_evr.o [2]
  .text                 ro code        0xbaa     0x2  rtx_evr.o [2]
  .text                 ro code        0xbac     0x2  rtx_evr.o [2]
  .text                 ro code        0xbae     0x2  rtx_evr.o [2]
  .text                 ro code        0xbb0     0x2  rtx_evr.o [2]
  .text                 ro code        0xbb2     0x2  rtx_evr.o [2]
  .text                 ro code        0xbb4     0x2  rtx_evr.o [2]
  .text                 ro code        0xbb6     0x2  rtx_evr.o [2]
  .text                 ro code        0xbb8     0x2  rtx_evr.o [2]
  .text                 ro code        0xbba     0x2  rtx_evr.o [2]
  .text                 ro code        0xbbc     0x2  rtx_evr.o [2]
  .text                 ro code        0xbbe     0x2  rtx_evr.o [2]
  .text                 ro code        0xbc0     0x2  rtx_evr.o [2]
  .text                 ro code        0xbc2    0x3a  zero_init3.o [5]
  .text                 ro code        0xbfc    0xe6  rtx_mempool.o [2]
  .text                 ro code        0xce2     0x2  rtx_evr.o [2]
  .text                 ro code        0xce4    0x82  rtx_memory.o [2]
  .text                 ro code        0xd66     0x2  RTX_Config.o [1]
  .text                 ro code        0xd68     0x6  ABImemclr4.o [5]
  .text                 ro code        0xd6e     0x2  rtx_evr.o [2]
  .text                 ro code        0xd70    0x4c  rtx_memory.o [2]
  .text                 ro code        0xdbc    0x52  rtx_mutex.o [2]
  .text                 ro code        0xe0e     0x2  rtx_evr.o [2]
  .text                 ro code        0xe10     0x2  rtx_evr.o [2]
  .text                 ro code        0xe12     0x2  rtx_evr.o [2]
  .text                 ro code        0xe14     0x2  rtx_evr.o [2]
  .text                 ro code        0xe16     0x2  rtx_evr.o [2]
  .text                 ro code        0xe18    0x20  RTX_Config.o [1]
  .text                 ro code        0xe38     0x2  rtx_evr.o [2]
  .text                 ro code        0xe3a     0x2  rtx_evr.o [2]
  .text                 ro code        0xe3c     0x2  rtx_evr.o [2]
  .text                 ro code        0xe3e     0x2  rtx_evr.o [2]
  .text                 ro code        0xe40    0x32  ABImemset48.o [5]
  .text                 ro code        0xe72     0x2  rtx_evr.o [2]
  .text                 ro code        0xe74     0x2  rtx_evr.o [2]
  .text                 ro code        0xe76     0x2  rtx_evr.o [2]
  .text                 ro code        0xe78   0x6fc  lab3.o [1]
  .text                 ro code       0x1574   0x61c  rtx_msgqueue.o [2]
  .text                 ro code       0x1b90    0x64  rtx_delay.o [2]
  .text                 ro code       0x1bf4   0x5d4  uartstdio.o [1]
  .text                 ro code       0x21c8   0x4f8  sysctl.o [4]
  .text                 ro code       0x26c0   0x218  gpio.o [4]
  .text                 ro code       0x28d8    0x30  system_TM4C1294_TW.o [1]
  .text                 ro code       0x2908   0x294  rtx_kernel.o [2]
  .text                 ro code       0x2b9c   0x1c0  rtx_timer.o [2]
  .text                 ro code       0x2d5c    0xa6  ABImemcpy.o [5]
  .text                 ro code       0x2e02     0x2  rtx_evr.o [2]
  .text                 ro code       0x2e04     0x2  rtx_evr.o [2]
  .text                 ro code       0x2e06     0x2  rtx_evr.o [2]
  .text                 ro code       0x2e08     0x6  ABImemclr.o [5]
  .text                 ro code       0x2e0e     0x2  rtx_evr.o [2]
  .text                 ro code       0x2e10     0x2  rtx_evr.o [2]
  .text                 ro code       0x2e12     0x2  rtx_evr.o [2]
  .text                 ro code       0x2e14     0x2  rtx_evr.o [2]
  .text                 ro code       0x2e16     0x2  rtx_evr.o [2]
  .text                 ro code       0x2e18     0x2  rtx_evr.o [2]
  .text                 ro code       0x2e1a     0x2  rtx_evr.o [2]
  .text                 ro code       0x2e1c   0x174  rtx_system.o [2]
  .text                 ro code       0x2f90     0x2  rtx_evr.o [2]
  .text                 ro code       0x2f92     0x2  rtx_evr.o [2]
  .text                 ro code       0x2f94     0x2  rtx_evr.o [2]
  .text                 ro code       0x2f96     0x2  rtx_evr.o [2]
  .text                 ro code       0x2f98     0x2  rtx_evr.o [2]
  .text                 ro code       0x2f9a     0x2  startup_TM4C1294.o [1]
  .text                 ro code       0x2f9c    0xec  interrupt.o [4]
  .text                 ro code       0x3088   0x114  uart.o [4]
  .text                 ro code       0x319c     0x2  rtx_evr.o [2]
  .text                 ro code       0x319e    0x44  rtx_memory.o [2]
  .text                 ro code       0x31e2     0x2  rtx_evr.o [2]
  .text                 ro code       0x31e4     0x2  rtx_evr.o [2]
  .text                 ro code       0x31e8    0x40  os_systick.o [2]
  .text                 ro code       0x3228     0x6  os_systick.o [2]
  .text                 ro code       0x3230    0x2c  os_systick.o [2]
  .text                 ro code       0x325c     0x2  rtx_evr.o [2]
  .text                 ro code       0x325e     0x2  rtx_lib.o [1]
  .text                 ro code       0x3260     0x2  rtx_evr.o [2]
  .text                 ro code       0x3262     0x2  rtx_evr.o [2]
  .text                 ro code       0x3264     0x2  rtx_evr.o [2]
  .text                 ro code       0x3266     0x2  rtx_evr.o [2]
  .text                 ro code       0x3268     0x2  rtx_evr.o [2]
  .text                 ro code       0x326a     0x2  rtx_evr.o [2]
  .text                 ro code       0x326c    0x5e  ABImemset.o [5]
  .text                 ro code       0x32cc     0xc  os_systick.o [2]
  .text                 ro code       0x32d8    0x10  cpu.o [4]
  .text                 ro code       0x32e8     0x2  rtx_evr.o [2]
  .text                 ro code       0x32ec    0xc4  irq_cm4f.o [2]
  .rodata               const         0x33b0    0x68  rtx_lib.o [1]
  .text                 ro code       0x3418    0x38  packbits_init_single.o [5]
  .text                 ro code       0x3450    0x28  data_init.o [5]
  .rodata               const         0x3478    0x24  rtx_lib.o [1]
  .rodata               const         0x349c    0x24  rtx_lib.o [1]
  .iar.init_table       const         0x34c0    0x20  - Linker created -
  .text                 ro code       0x34e0    0x1e  cmain.o [5]
  .text                 ro code       0x34fe     0x4  low_level_init.o [3]
  .text                 ro code       0x3502     0x4  exit.o [3]
  .text                 ro code       0x3508     0xa  cexit.o [5]
  .text                 ro code       0x3514    0x14  exit.o [6]
  .rodata               const         0x3528    0x18  rtx_lib.o [1]
  .rodata               const         0x3540    0x14  uartstdio.o [1]
  .text                 ro code       0x3554    0x14  startup_TM4C1294.o [1]
  .rodata               const         0x3568     0xc  uartstdio.o [1]
  .rodata               const         0x3574     0xc  uartstdio.o [1]
  .rodata               const         0x3580     0xc  uartstdio.o [1]
  .text                 ro code       0x358c     0xc  cstartup_M.o [5]
  .rodata               const         0x3598     0x8  lab3.o [1]
  .rodata               const         0x35a0     0x8  uartstdio.o [1]
  .rodata               const         0x35a8     0x4  rtx_lib.o [1]
  .rodata               const         0x35ac     0x4  uartstdio.o [1]
  .rodata               const         0x35b0     0x0  zero_init3.o [5]
  .rodata               const         0x35b0     0x0  packbits_init_single.o [5]
  Initializer bytes     const         0x35b0     0xd  <for P2-1>
                                    - 0x35bd  0x31fd

"P2", part 1 of 3:                              0xa4
  P2-1                           0x2000'0000    0xa4  <Init block>
    .data.os            inited   0x2000'0000    0xa4  rtx_kernel.o [2]
                               - 0x2000'00a4    0xa4

"P2", part 2 of 3:                            0x181c
  .bss.os               zero     0x2000'00a8  0x1000  rtx_lib.o [1]
  .bss                  zero     0x2000'10a8   0x400  uartstdio.o [1]
  .bss.os.thread.stack  zero     0x2000'14a8   0x100  rtx_lib.o [1]
  .bss.os.thread.stack  zero     0x2000'15a8   0x100  rtx_lib.o [1]
  .bss                  zero     0x2000'16a8    0x80  uartstdio.o [1]
  .bss.os.msgqueue.mem  zero     0x2000'1728    0x50  rtx_lib.o [1]
  .bss.os.thread.cb     zero     0x2000'1778    0x44  rtx_lib.o [1]
  .bss.os.thread.cb     zero     0x2000'17bc    0x44  rtx_lib.o [1]
  .bss.os               zero     0x2000'1800    0x40  rtx_lib.o [1]
  .bss.os.msgqueue.cb   zero     0x2000'1840    0x34  rtx_lib.o [1]
  .bss                  zero     0x2000'1874     0x4  lab3.o [1]
  .bss                  zero     0x2000'1878     0x4  lab3.o [1]
  .bss                  zero     0x2000'187c     0x4  lab3.o [1]
  .bss                  zero     0x2000'1880     0x4  lab3.o [1]
  .bss                  zero     0x2000'1884     0x4  lab3.o [1]
  .bss                  zero     0x2000'1888     0x4  lab3.o [1]
  .bss                  zero     0x2000'188c     0x4  lab3.o [1]
  .bss                  zero     0x2000'1890     0x4  lab3.o [1]
  .bss                  zero     0x2000'1894     0x4  lab3.o [1]
  .bss                  zero     0x2000'1898     0x4  lab3.o [1]
  .bss                  zero     0x2000'189c     0x4  lab3.o [1]
  .bss                  zero     0x2000'18a0     0x4  lab3.o [1]
  .bss                  zero     0x2000'18a4     0x4  uartstdio.o [1]
  .bss                  zero     0x2000'18a8     0x4  uartstdio.o [1]
  .bss                  zero     0x2000'18ac     0x4  uartstdio.o [1]
  .bss                  zero     0x2000'18b0     0x4  uartstdio.o [1]
  .bss                  zero     0x2000'18b4     0x4  uartstdio.o [1]
  .bss                  zero     0x2000'18b8     0x4  uartstdio.o [1]
  .bss                  zero     0x2000'18bc     0x1  uartstdio.o [1]
  .bss                  zero     0x2000'18bd     0x1  uartstdio.o [1]
  .bss                  zero     0x2000'18be     0x1  os_systick.o [2]
                               - 0x2000'18bf  0x181b

"P2", part 3 of 3:                            0x8008
  .noinit               uninit   0x2000'18c0     0x4  system_TM4C1294_TW.o [1]
  CSTACK                         0x2000'18c8  0x8000  <Block>
    CSTACK              uninit   0x2000'18c8  0x8000  <Block tail>
                               - 0x2000'98c8  0x8008

Unused ranges:

         From           To      Size
         ----           --      ----
       0x35bd     0xf'ffff  0xf'ca43
  0x2000'98c8  0x2003'ffff  0x3'6738


*******************************************************************************
*** INIT TABLE
***

          Address      Size
          -------      ----
Zero (__iar_zero_init3)
    1 destination range, total size 0x1817:
          0x2000'00a8  0x1817

Copy/packbits (__iar_packbits_init_single3)
    1 source range, total size 0xd (7% of destination):
               0x35b0     0xd
    1 destination range, total size 0xa4:
          0x2000'0000    0xa4



*******************************************************************************
*** MODULE SUMMARY
***

    Module                  ro code  ro data  rw data
    ------                  -------  -------  -------
command line/config:
    -------------------------------------------------
    Total:

C:\Users\DAELN\Downloads\elevador_v2\elevador\elevator\EK-TM4C1294_SCHED_IAR8\Projects\lab3\Debug\Obj: [1]
    RTX_Config.o                 34
    lab3.o                    1 788        8       48
    rtx_lib.o                     2      204    4 940
    startup_TM4C1294.o          982
    system_TM4C1294_TW.o         48                 4
    uartstdio.o               1 492       68    1 178
    -------------------------------------------------
    Total:                    4 346      280    6 170

RTX_CM.a: [2]
    irq_cm4f.o                  196
    os_systick.o                126                 1
    rtx_delay.o                 100
    rtx_evr.o                   106
    rtx_kernel.o                660       13      164
    rtx_memory.o                274
    rtx_mempool.o               230
    rtx_msgqueue.o            1 564
    rtx_mutex.o                  82
    rtx_system.o                372
    rtx_thread.o              2 024
    rtx_timer.o                 448
    -------------------------------------------------
    Total:                    6 182       13      165

dl7M_tln.a: [3]
    exit.o                        4
    low_level_init.o              4
    -------------------------------------------------
    Total:                        8

driverlib.a: [4]
    cpu.o                        16
    gpio.o                      536
    interrupt.o                 236
    sysctl.o                  1 272
    uart.o                      276
    -------------------------------------------------
    Total:                    2 336

rt7M_tl.a: [5]
    ABImemclr.o                   6
    ABImemclr4.o                  6
    ABImemcpy.o                 166
    ABImemset.o                  94
    ABImemset48.o                50
    cexit.o                      10
    cmain.o                      30
    cstartup_M.o                 12
    data_init.o                  40
    packbits_init_single.o       56
    zero_init3.o                 58
    -------------------------------------------------
    Total:                      528

shb_l.a: [6]
    exit.o                       20
    -------------------------------------------------
    Total:                       20

    Gaps                         12                 4
    Linker created                        32   32 768
-----------------------------------------------------
    Grand Total:             13 432      325   39 107


*******************************************************************************
*** ENTRY LIST
***

Entry                       Address    Size  Type      Object
-----                       -------    ----  ----      ------
.iar.init_table$$Base        0x34c0           --   Gb  - Linker created -
.iar.init_table$$Limit       0x34e0           --   Gb  - Linker created -
?main                        0x34e1          Code  Gb  cmain.o [5]
CPUcpsid                     0x32d9     0x8  Code  Gb  cpu.o [4]
CPUcpsie                     0x32e1     0x8  Code  Gb  cpu.o [4]
CSTACK$$Base            0x2000'18c8           --   Gb  - Linker created -
CSTACK$$Limit           0x2000'98c8           --   Gb  - Linker created -
EvrRtxDelay                  0x2f97     0x2  Code  Wk  rtx_evr.o [2]
EvrRtxDelayCompleted          0xba9     0x2  Code  Wk  rtx_evr.o [2]
EvrRtxDelayError             0x2f99     0x2  Code  Wk  rtx_evr.o [2]
EvrRtxDelayStarted           0x2f95     0x2  Code  Wk  rtx_evr.o [2]
EvrRtxEventFlagsWaitTimeout
                              0xbad     0x2  Code  Wk  rtx_evr.o [2]
EvrRtxKernelError            0x319d     0x2  Code  Wk  rtx_evr.o [2]
EvrRtxKernelGetState         0x31e5     0x2  Code  Wk  rtx_evr.o [2]
EvrRtxKernelInitialize       0x3261     0x2  Code  Wk  rtx_evr.o [2]
EvrRtxKernelInitialized
                             0x31e3     0x2  Code  Wk  rtx_evr.o [2]
EvrRtxKernelStart            0x3263     0x2  Code  Wk  rtx_evr.o [2]
EvrRtxKernelStarted          0x325d     0x2  Code  Wk  rtx_evr.o [2]
EvrRtxMemoryAlloc             0xe3f     0x2  Code  Wk  rtx_evr.o [2]
EvrRtxMemoryBlockAlloc        0xe3b     0x2  Code  Wk  rtx_evr.o [2]
EvrRtxMemoryBlockFree         0xe3d     0x2  Code  Wk  rtx_evr.o [2]
EvrRtxMemoryBlockInit         0xe39     0x2  Code  Wk  rtx_evr.o [2]
EvrRtxMemoryFree              0xe73     0x2  Code  Wk  rtx_evr.o [2]
EvrRtxMemoryInit             0x32e9     0x2  Code  Wk  rtx_evr.o [2]
EvrRtxMemoryPoolAllocTimeout
                              0xbb3     0x2  Code  Wk  rtx_evr.o [2]
EvrRtxMessageQueueCreated
                             0x2e0f     0x2  Code  Wk  rtx_evr.o [2]
EvrRtxMessageQueueError
                             0x2e07     0x2  Code  Wk  rtx_evr.o [2]
EvrRtxMessageQueueGet        0x2f93     0x2  Code  Wk  rtx_evr.o [2]
EvrRtxMessageQueueGetPending
                             0x2e15     0x2  Code  Wk  rtx_evr.o [2]
EvrRtxMessageQueueGetTimeout
                              0xbb5     0x2  Code  Wk  rtx_evr.o [2]
EvrRtxMessageQueueInsertPending
                             0x2f91     0x2  Code  Wk  rtx_evr.o [2]
EvrRtxMessageQueueInserted
                             0x2e03     0x2  Code  Wk  rtx_evr.o [2]
EvrRtxMessageQueueNew        0x2e19     0x2  Code  Wk  rtx_evr.o [2]
EvrRtxMessageQueueNotInserted
                             0x2e13     0x2  Code  Wk  rtx_evr.o [2]
EvrRtxMessageQueueNotRetrieved
                             0x2e17     0x2  Code  Wk  rtx_evr.o [2]
EvrRtxMessageQueuePut        0x2e1b     0x2  Code  Wk  rtx_evr.o [2]
EvrRtxMessageQueuePutPending
                             0x2e11     0x2  Code  Wk  rtx_evr.o [2]
EvrRtxMessageQueuePutTimeout
                              0xbb7     0x2  Code  Wk  rtx_evr.o [2]
EvrRtxMessageQueueRetrieved
                             0x2e05     0x2  Code  Wk  rtx_evr.o [2]
EvrRtxMutexAcquireTimeout
                              0xbaf     0x2  Code  Wk  rtx_evr.o [2]
EvrRtxMutexAcquired           0xe77     0x2  Code  Wk  rtx_evr.o [2]
EvrRtxMutexReleased           0xe75     0x2  Code  Wk  rtx_evr.o [2]
EvrRtxSemaphoreAcquireTimeout
                              0xbb1     0x2  Code  Wk  rtx_evr.o [2]
EvrRtxThreadBlocked           0xbbf     0x2  Code  Wk  rtx_evr.o [2]
EvrRtxThreadCreated           0xd6f     0x2  Code  Wk  rtx_evr.o [2]
EvrRtxThreadDestroyed         0xe11     0x2  Code  Wk  rtx_evr.o [2]
EvrRtxThreadError             0xce3     0x2  Code  Wk  rtx_evr.o [2]
EvrRtxThreadExit              0xe17     0x2  Code  Wk  rtx_evr.o [2]
EvrRtxThreadFlagsWaitCompleted
                              0xbc1     0x2  Code  Wk  rtx_evr.o [2]
EvrRtxThreadFlagsWaitTimeout
                              0xbab     0x2  Code  Wk  rtx_evr.o [2]
EvrRtxThreadJoined            0xe0f     0x2  Code  Wk  rtx_evr.o [2]
EvrRtxThreadNew               0xe13     0x2  Code  Wk  rtx_evr.o [2]
EvrRtxThreadPreempted         0xbbb     0x2  Code  Wk  rtx_evr.o [2]
EvrRtxThreadSwitched          0xbbd     0x2  Code  Wk  rtx_evr.o [2]
EvrRtxThreadUnblocked         0xbb9     0x2  Code  Wk  rtx_evr.o [2]
EvrRtxThreadYield             0xe15     0x2  Code  Wk  rtx_evr.o [2]
EvrRtxTimerCallback          0x326b     0x2  Code  Wk  rtx_evr.o [2]
EvrRtxTimerCreated           0x3265     0x2  Code  Wk  rtx_evr.o [2]
EvrRtxTimerError             0x3267     0x2  Code  Wk  rtx_evr.o [2]
EvrRtxTimerNew               0x3269     0x2  Code  Wk  rtx_evr.o [2]
GPIODirModeSet               0x26c1    0x28  Code  Gb  gpio.o [4]
GPIOPadConfigSet             0x26e9   0x102  Code  Gb  gpio.o [4]
GPIOPinConfigure             0x280d    0x36  Code  Gb  gpio.o [4]
GPIOPinTypeUART              0x27f7    0x14  Code  Gb  gpio.o [4]
IntDisable                   0x2ffd    0x46  Code  Gb  interrupt.o [4]
IntEnable                    0x2fb5    0x46  Code  Gb  interrupt.o [4]
IntMasterDisable             0x2fa5     0x6  Code  Gb  interrupt.o [4]
IntMasterEnable              0x2f9d     0x8  Code  Gb  interrupt.o [4]
IsBufferEmpty                0x1c11    0x12  Code  Lc  uartstdio.o [1]
IsBufferFull                 0x1bf5    0x1c  Code  Lc  uartstdio.o [1]
MessageQueueGet              0x15c1    0x40  Code  Lc  rtx_msgqueue.o [2]
MessageQueuePut              0x1575    0x4a  Code  Lc  rtx_msgqueue.o [2]
MessageQueueRemove           0x1601    0x1a  Code  Lc  rtx_msgqueue.o [2]
OS_Tick_AcknowledgeIRQ       0x32cd     0xc  Code  Wk  os_systick.o [2]
OS_Tick_Enable               0x3231    0x2c  Code  Wk  os_systick.o [2]
OS_Tick_GetIRQn              0x3229     0x6  Code  Wk  os_systick.o [2]
OS_Tick_Setup                0x31e9    0x40  Code  Wk  os_systick.o [2]
PendST                  0x2000'18be     0x1  Data  Lc  os_systick.o [2]
PendSV_Handler               0x3385          Code  Gb  irq_cm4f.o [2]
Region$$Table$$Base          0x34c0           --   Gb  - Linker created -
Region$$Table$$Limit         0x34e0           --   Gb  - Linker created -
SVC_Handler                  0x32ed          Code  Gb  irq_cm4f.o [2]
SysCtlClockFreqSet           0x2233   0x20a  Code  Gb  sysctl.o [4]
SysCtlPeripheralEnable       0x2215     0x8  Code  Gb  sysctl.o [4]
SysCtlPeripheralPresent
                             0x21e9     0xa  Code  Gb  sysctl.o [4]
SysCtlPeripheralReady        0x21f3     0x8  Code  Gb  sysctl.o [4]
SysTick_Handler              0x3395          Code  Gb  irq_cm4f.o [2]
SystemCoreClock         0x2000'18c0     0x4  Data  Gb  system_TM4C1294_TW.o [1]
SystemInit                   0x28d9    0x1c  Code  Gb  system_TM4C1294_TW.o [1]
ThreadFlagsCheck              0x3c1    0x6c  Code  Lc  rtx_thread.o [2]
TimerInsert                  0x2b9d    0x38  Code  Lc  rtx_timer.o [2]
UART0_Handler                0x144f     0x8  Code  Gb  lab3.o [1]
UARTCharGetNonBlocking       0x314f    0x14  Code  Gb  uart.o [4]
UARTCharPutNonBlocking       0x3163    0x16  Code  Gb  uart.o [4]
UARTCharsAvail               0x3137     0x8  Code  Gb  uart.o [4]
UARTConfigSetExpClk          0x3091    0x5c  Code  Gb  uart.o [4]
UARTDisable                  0x3107    0x22  Code  Gb  uart.o [4]
UARTEnable                   0x30ed    0x1a  Code  Gb  uart.o [4]
UARTFIFOLevelSet             0x3089     0x8  Code  Gb  uart.o [4]
UARTFlushRx                  0x1fff    0x1c  Code  Gb  uartstdio.o [1]
UARTFlushTx                  0x201b    0x30  Code  Gb  uartstdio.o [1]
UARTInit                     0x1401    0x4e  Code  Gb  lab3.o [1]
UARTIntClear                 0x3197     0x6  Code  Gb  uart.o [4]
UARTIntDisable               0x317f     0x4  Code  Gb  uart.o [4]
UARTIntEnable                0x3179     0x6  Code  Gb  uart.o [4]
UARTIntStatus                0x318b     0xc  Code  Gb  uart.o [4]
UARTPrimeTransmit            0x1c23    0x7a  Code  Lc  uartstdio.o [1]
UARTSpaceAvail               0x313f     0x6  Code  Gb  uart.o [4]
UARTStdioConfig              0x1c9d    0x92  Code  Gb  uartstdio.o [1]
UARTStdioIntHandler          0x2051   0x132  Code  Gb  uartstdio.o [1]
UARTStdioIntHandler::bLastWasCR
                        0x2000'18bd     0x1  Data  Lc  uartstdio.o [1]
UART_READ                    0x1389    0x56  Code  Gb  lab3.o [1]
UART_READ_id            0x2000'1880     0x4  Data  Gb  lab3.o [1]
UART_WRITE                   0x13df    0x22  Code  Gb  lab3.o [1]
UART_WRITE_id           0x2000'1884     0x4  Data  Gb  lab3.o [1]
UARTgets                     0x1dd9    0x62  Code  Gb  uartstdio.o [1]
UARTprintf                   0x1ff1     0xe  Code  Gb  uartstdio.o [1]
UARTvprintf                  0x1e3b   0x1b6  Code  Gb  uartstdio.o [1]
UARTwrite                    0x1d2f    0xaa  Code  Gb  uartstdio.o [1]
_SysCtlMemTimingGet          0x21c9    0x20  Code  Lc  sysctl.o [4]
__Vectors                       0x0           --   Gb  startup_TM4C1294.o [1]
__Vectors_End                 0x3c0          Data  Gb  startup_TM4C1294.o [1]
__Vectors_Size {Abs}          0x3c0           --   Gb  startup_TM4C1294.o [1]
__aeabi_memclr               0x2e09          Code  Gb  ABImemclr.o [5]
__aeabi_memclr4               0xd69          Code  Gb  ABImemclr4.o [5]
__aeabi_memcpy               0x2d5d          Code  Gb  ABImemcpy.o [5]
__aeabi_memcpy4              0x2d7d          Code  Gb  ABImemcpy.o [5]
__aeabi_memcpy8              0x2d7d          Code  Gb  ABImemcpy.o [5]
__cmain                      0x34e1          Code  Gb  cmain.o [5]
__exit                       0x3515    0x14  Code  Gb  exit.o [6]
__iar_Memset4_word            0xe41          Code  Gb  ABImemset48.o [5]
__iar_Memset8_word            0xe41          Code  Gb  ABImemset48.o [5]
__iar_Memset_word            0x326d          Code  Gb  ABImemset.o [5]
__iar_data_init3             0x3451    0x28  Code  Gb  data_init.o [5]
__iar_init_vfp               0x355d          Code  Wk  startup_TM4C1294.o [1]
__iar_packbits_init_single3
                             0x3419    0x38  Code  Gb  packbits_init_single.o [5]
__iar_program_start          0x358d          Code  Gb  cstartup_M.o [5]
__iar_zero_init3              0xbc3    0x3a  Code  Gb  zero_init3.o [5]
__low_level_init             0x34ff     0x4  Code  Gb  low_level_init.o [3]
__vector_table                  0x0          Data  Gb  startup_TM4C1294.o [1]
__vector_table_0x1c            0x1c          Data  Gb  startup_TM4C1294.o [1]
_call_main                   0x34ed          Code  Gb  cmain.o [5]
_exit                        0x3509          Code  Gb  cexit.o [5]
_main                        0x34fb          Code  Gb  cmain.o [5]
abrir                         0xf3b    0x20  Code  Gb  lab3.o [1]
atender_andar                 0xfdb    0x3c  Code  Gb  lab3.o [1]
callback                      0xe79     0x2  Code  Gb  lab3.o [1]
chamadas2paradas             0x10b5     0xa  Code  Gb  lab3.o [1]
chamadas_abaixo              0x105b    0x2a  Code  Gb  lab3.o [1]
chamadas_acima               0x1017    0x1a  Code  Gb  lab3.o [1]
comparar_andar                0xf01    0x1a  Code  Gb  lab3.o [1]
descer                        0xf9b    0x20  Code  Gb  lab3.o [1]
elevador                     0x10bf   0x2ca  Code  Gb  lab3.o [1]
elevador_cen_id         0x2000'1878     0x4  Data  Gb  lab3.o [1]
elevador_dir_id         0x2000'187c     0x4  Data  Gb  lab3.o [1]
elevador_esq_id         0x2000'1874     0x4  Data  Gb  lab3.o [1]
esvaziou_parada               0xee5     0xe  Code  Gb  lab3.o [1]
exit                         0x3503     0x4  Code  Gb  exit.o [3]
fechar                        0xf5b    0x20  Code  Gb  lab3.o [1]
fila_cen_id             0x2000'189c     0x4  Data  Gb  lab3.o [1]
fila_dir_id             0x2000'1898     0x4  Data  Gb  lab3.o [1]
fila_envio_id           0x2000'18a0     0x4  Data  Gb  lab3.o [1]
fila_esq_id             0x2000'1894     0x4  Data  Gb  lab3.o [1]
g_bDisableEcho          0x2000'18bc     0x1  Data  Lc  uartstdio.o [1]
g_pcHex                      0x35ac     0x4  Data  Lc  uartstdio.o [1]
g_pcUARTRxBuffer        0x2000'16a8    0x80  Data  Lc  uartstdio.o [1]
g_pcUARTTxBuffer        0x2000'10a8   0x400  Data  Lc  uartstdio.o [1]
g_pppui32XTALtoVCO           0x24d8   0x1b0  Data  Lc  sysctl.o [4]
g_pui32Dii16Regs             0x3074    0x14  Data  Lc  interrupt.o [4]
g_pui32EnRegs                0x3060    0x14  Data  Lc  interrupt.o [4]
g_pui32GPIOBaseAddrs         0x2848    0x90  Data  Lc  gpio.o [4]
g_pui32VCOFrequencies        0x26b8     0x8  Data  Lc  sysctl.o [4]
g_pui32Xtals                 0x246c    0x6c  Data  Lc  sysctl.o [4]
g_sXTALtoMEMTIM              0x2688    0x30  Data  Lc  sysctl.o [4]
g_ui32Base              0x2000'18b4     0x4  Data  Lc  uartstdio.o [1]
g_ui32PortNum           0x2000'18b8     0x4  Data  Lc  uartstdio.o [1]
g_ui32UARTBase               0x3568     0xc  Data  Lc  uartstdio.o [1]
g_ui32UARTInt                0x3574     0xc  Data  Lc  uartstdio.o [1]
g_ui32UARTPeriph             0x3580     0xc  Data  Lc  uartstdio.o [1]
g_ui32UARTRxReadIndex   0x2000'18b0     0x4  Data  Lc  uartstdio.o [1]
g_ui32UARTRxWriteIndex  0x2000'18ac     0x4  Data  Lc  uartstdio.o [1]
g_ui32UARTTxReadIndex   0x2000'18a8     0x4  Data  Lc  uartstdio.o [1]
g_ui32UARTTxWriteIndex  0x2000'18a4     0x4  Data  Lc  uartstdio.o [1]
lerandar                      0xe91    0x20  Code  Gb  lab3.o [1]
letra2andar                   0xe7b     0x6  Code  Gb  lab3.o [1]
main                         0x1457    0xce  Code  Gb  lab3.o [1]
numero2andar                  0xe81    0x10  Code  Gb  lab3.o [1]
osDelay                      0x1bb5    0x38  Code  Gb  rtx_delay.o [2]
osKernelGetState             0x2b01    0x40  Code  Gb  rtx_kernel.o [2]
osKernelInitialize           0x2ac9    0x38  Code  Gb  rtx_kernel.o [2]
osKernelStart                0x2b41    0x34  Code  Gb  rtx_kernel.o [2]
osMessageQueueGet            0x1aed    0x90  Code  Gb  rtx_msgqueue.o [2]
osMessageQueueNew            0x1a15    0x3e  Code  Gb  rtx_msgqueue.o [2]
osMessageQueuePut            0x1a55    0x98  Code  Gb  rtx_msgqueue.o [2]
osRtxConfig                  0x33b0    0x68  Data  Gb  rtx_lib.o [1]
osRtxErrorNotify              0xe19    0x20  Code  Wk  RTX_Config.o [1]
osRtxIdleThread               0xd67     0x2  Code  Wk  RTX_Config.o [1]
osRtxInfo               0x2000'0000    0xa4  Data  Gb  rtx_kernel.o [2]
osRtxKernelPreInit           0x325f     0x2  Code  Gb  rtx_lib.o [1]
osRtxMemoryAlloc              0xce5    0x82  Code  Wk  rtx_memory.o [2]
osRtxMemoryFree               0xd71    0x4c  Code  Wk  rtx_memory.o [2]
osRtxMemoryInit              0x319f    0x44  Code  Wk  rtx_memory.o [2]
osRtxMemoryPoolAlloc          0xc49    0x44  Code  Gb  rtx_mempool.o [2]
osRtxMemoryPoolFree           0xc8d    0x56  Code  Gb  rtx_mempool.o [2]
osRtxMemoryPoolInit           0xbfd    0x4a  Code  Gb  rtx_mempool.o [2]
osRtxMessageQueuePostProcess
                             0x161b    0xe6  Code  Lc  rtx_msgqueue.o [2]
osRtxMutexOwnerRelease        0xdbd    0x52  Code  Gb  rtx_mutex.o [2]
osRtxPendSV_Handler          0x2e8d    0x8a  Code  Gb  rtx_system.o [2]
osRtxPostProcess             0x2f19    0x6e  Code  Gb  rtx_system.o [2]
osRtxThreadBlock              0x62d    0x34  Code  Lc  rtx_thread.o [2]
osRtxThreadDelayInsert        0x481    0x66  Code  Lc  rtx_thread.o [2]
osRtxThreadDelayRemove        0x4e7    0x44  Code  Lc  rtx_thread.o [2]
osRtxThreadDelayTick          0x52b    0xee  Code  Gb  rtx_thread.o [2]
osRtxThreadDispatch           0x67d    0x54  Code  Gb  rtx_thread.o [2]
osRtxThreadFree               0x9ad    0x56  Code  Lc  rtx_thread.o [2]
osRtxThreadListGet            0x44f    0x14  Code  Gb  rtx_thread.o [2]
osRtxThreadListPut            0x42d    0x22  Code  Gb  rtx_thread.o [2]
osRtxThreadListRemove         0x463    0x16  Code  Gb  rtx_thread.o [2]
osRtxThreadPostProcess        0x745    0x54  Code  Lc  rtx_thread.o [2]
osRtxThreadReadyPut           0x479     0x8  Code  Gb  rtx_thread.o [2]
osRtxThreadRegPtr             0x619    0x14  Code  Gb  rtx_thread.o [2]
osRtxThreadStartup            0xa95    0x32  Code  Gb  rtx_thread.o [2]
osRtxThreadSwitch             0x661    0x1c  Code  Gb  rtx_thread.o [2]
osRtxThreadWaitEnter          0x70b    0x3a  Code  Gb  rtx_thread.o [2]
osRtxThreadWaitExit           0x6d7    0x2e  Code  Gb  rtx_thread.o [2]
osRtxTick_Handler            0x2e1d    0x6e  Code  Gb  rtx_system.o [2]
osRtxTimerThread             0x2d19    0x44  Code  Wk  rtx_timer.o [2]
osRtxTimerTick               0x2bd5    0x54  Code  Lc  rtx_timer.o [2]
osRtxUserSVC                 0x35a8     0x4  Data  Wk  rtx_lib.o [1]
osThreadExit                  0xb49    0x16  Code  Gb  rtx_thread.o [2]
osThreadNew                   0xac9    0x40  Code  Gb  rtx_thread.o [2]
osThreadYield                 0xb09    0x36  Code  Gb  rtx_thread.o [2]
osTimerNew                   0x2cc9    0x42  Code  Gb  rtx_timer.o [2]
os_idle_thread_attr          0x3478    0x24  Data  Lc  rtx_lib.o [1]
os_idle_thread_cb       0x2000'1778    0x44  Data  Lc  rtx_lib.o [1]
os_idle_thread_stack    0x2000'14a8   0x100  Data  Lc  rtx_lib.o [1]
os_isr_queue            0x2000'1800    0x40  Data  Lc  rtx_lib.o [1]
os_mem                  0x2000'00a8  0x1000  Data  Lc  rtx_lib.o [1]
os_timer_mq_attr             0x3528    0x18  Data  Lc  rtx_lib.o [1]
os_timer_mq_cb          0x2000'1840    0x34  Data  Lc  rtx_lib.o [1]
os_timer_mq_data        0x2000'1728    0x50  Data  Lc  rtx_lib.o [1]
os_timer_thread_attr         0x349c    0x24  Data  Lc  rtx_lib.o [1]
os_timer_thread_cb      0x2000'17bc    0x44  Data  Lc  rtx_lib.o [1]
os_timer_thread_stack   0x2000'15a8   0x100  Data  Lc  rtx_lib.o [1]
parar                         0xfbb    0x20  Code  Gb  lab3.o [1]
prencher_chamada              0xef3     0xe  Code  Gb  lab3.o [1]
prencher_parada               0xeb1     0xe  Code  Gb  lab3.o [1]
resetar                       0xf1b    0x20  Code  Gb  lab3.o [1]
retirar_chamada               0xed3    0x12  Code  Gb  lab3.o [1]
retirar_parada                0xebf    0x14  Code  Gb  lab3.o [1]
subir                         0xf7b    0x20  Code  Gb  lab3.o [1]
svcRtxDelay                  0x1b91    0x24  Code  Lc  rtx_delay.o [2]
svcRtxKernelGetState         0x2a1f    0x12  Code  Lc  rtx_kernel.o [2]
svcRtxKernelInitialize       0x2909   0x116  Code  Lc  rtx_kernel.o [2]
svcRtxKernelStart            0x2a31    0x96  Code  Lc  rtx_kernel.o [2]
svcRtxMessageQueueGet        0x1905    0xe8  Code  Lc  rtx_msgqueue.o [2]
svcRtxMessageQueueNew        0x1701   0x130  Code  Lc  rtx_msgqueue.o [2]
svcRtxMessageQueuePut        0x1831    0xd4  Code  Lc  rtx_msgqueue.o [2]
svcRtxThreadExit              0xa03    0x8e  Code  Lc  rtx_thread.o [2]
svcRtxThreadNew               0x799   0x1cc  Code  Lc  rtx_thread.o [2]
svcRtxThreadYield             0x96b    0x42  Code  Lc  rtx_thread.o [2]
svcRtxTimerNew               0x2c29    0x9e  Code  Lc  rtx_timer.o [2]
timer_cen_id            0x2000'188c     0x4  Data  Gb  lab3.o [1]
timer_dir_id            0x2000'1890     0x4  Data  Gb  lab3.o [1]
timer_esq_id            0x2000'1888     0x4  Data  Gb  lab3.o [1]
transferir_primeiro          0x1085    0x30  Code  Gb  lab3.o [1]
transferir_ultimo            0x1031    0x2a  Code  Gb  lab3.o [1]


[1] = C:\Users\DAELN\Downloads\elevador_v2\elevador\elevator\EK-TM4C1294_SCHED_IAR8\Projects\lab3\Debug\Obj
[2] = RTX_CM.a
[3] = dl7M_tln.a
[4] = driverlib.a
[5] = rt7M_tl.a
[6] = shb_l.a

  13 432 bytes of readonly  code memory
     325 bytes of readonly  data memory
  39 107 bytes of readwrite data memory

Errors: none
Warnings: none
